// Jest Snapshot v1, https://goo.gl/fbAQLP

exports[`icon render successfully 1`] = `
<svg
  className="fui-icon"
>
  <use
    xlinkHref="#paypal"
  />
</svg>
`;

exports[`icon xxx 1`] = `
<svg
  className="fui-icon"
>
  <use
    xlinkHref="#paypal"
  />
</svg>
`;
